// Vitest Snapshot v1, https://vitest.dev/guide/snapshot.html

exports[`renders correctly with no pets 1`] = `
<DocumentFragment>
  <div
    class="m-10 grid grid-cols-1 rounded-lg bg-background-color p-10 shadow-lg dark:bg-zinc-700 dark:text-white lg:col-span-2"
  >
    <div
      class="mb-4 grid grid-cols-1 gap-4 md:grid-cols-2"
    >
      <h1>
        No Pets Found
      </h1>
    </div>
  </div>
</DocumentFragment>
`;
